*
**
Fizz
****
Buzz
Fizz
***** **
***** ***
Fizz
Buzz
***** ***** *
Fizz
***** ***** ***
***** ***** ****
FizzBuzz
***** ***** ***** *
***** ***** ***** **
Fizz
***** ***** ***** ****
Buzz
