Uryyb, jbeyq!
Guvf vf gur grfg vachg sbe ebg13.py.
